// Jest Snapshot v1, https://goo.gl/fbAQLP

exports[`<App/> renders 1`] = `
<ApolloProvider
  client={
    DefaultClient {
      "cache": InMemoryCache {
        "addTypename": true,
        "config": Object {
          "addTypename": true,
          "dataIdFromObject": [Function],
          "fragmentMatcher": HeuristicFragmentMatcher {},
          "storeFactory": [Function],
        },
        "data": ObjectCache {
          "data": Object {},
        },
        "optimistic": Array [],
        "silenceBroadcast": false,
        "typenameDocumentCache": WeakMap {},
        "watches": Array [],
      },
      "defaultOptions": Object {},
      "disableNetworkFetches": false,
      "link": ApolloLink {
        "request": [Function],
      },
      "mutate": [Function],
      "query": [Function],
      "queryDeduplication": true,
      "reFetchObservableQueries": [Function],
      "resetStore": [Function],
      "resetStoreCallbacks": Array [],
      "ssrMode": false,
      "store": DataStore {
        "cache": InMemoryCache {
          "addTypename": true,
          "config": Object {
            "addTypename": true,
            "dataIdFromObject": [Function],
            "fragmentMatcher": HeuristicFragmentMatcher {},
            "storeFactory": [Function],
          },
          "data": ObjectCache {
            "data": Object {},
          },
          "optimistic": Array [],
          "silenceBroadcast": false,
          "typenameDocumentCache": WeakMap {},
          "watches": Array [],
        },
      },
      "version": "2.3.8",
      "watchQuery": [Function],
    }
  }
>
  <Provider
    store={
      Object {
        "dispatch": [Function],
        "getState": [Function],
        "replaceReducer": [Function],
        "subscribe": [Function],
        Symbol(observable): [Function],
      }
    }
  >
    <BrowserRouter>
      <main>
        <Switch>
          <Route
            component={[Function]}
            exact={true}
            path="/example-redux"
          />
          <Route
            component={[Function]}
            path="/example-graphql"
          />
          <Redirect
            from="/"
            push={false}
            to="/example-redux"
          />
        </Switch>
      </main>
    </BrowserRouter>
  </Provider>
</ApolloProvider>
`;
